---
namespace: Compile
expectation: Pass
outputs:
  - output:
      - initial_input_ast: 9f0eb7d149393a8881ce34a820aa131ef2d78199e317e9a249239e32020fd80a
      - initial_input_ast: 2bb42b6e8abcf2f551c27eea590c517279a522c921dfbbf4c87001b3340e8ecd
    initial_ast: 1ad895f524048c1450936e2c1697579519314006a7b7a62adeafa1079eb79b0e
    unrolled_ast: 1ad895f524048c1450936e2c1697579519314006a7b7a62adeafa1079eb79b0e
    ssa_ast: dd4ce87aa8c9e202c91f80526a8a394e1a1dbf07258a75d7c1f7322379e6ae1b
    flattened_ast: a7c402da9412f2d74c5782812bdd709d0e193f4fd7ef181f1a874a3f6c288d2a
