---
namespace: Compile
expectation: Pass
outputs:
  - output:
      - initial_input_ast: 9c3e3d08240eff67d8ec39d250ed59b8a506de6facc94ae31ba778115eb906ff
    initial_ast: 5067eda944d304804107a56d720ee05e37e3f88591056353e60adcaf0e9acac0
    unrolled_ast: 5067eda944d304804107a56d720ee05e37e3f88591056353e60adcaf0e9acac0
    ssa_ast: 15518eff87e0600e14b5669fed404890778ec27930359f5ac99b6e2414f9fbf8
    flattened_ast: 121f14007adefc43108c1207422c08ccb34cf568be68b4b9bd5878c53128261f
