---
namespace: Parse
expectation: Pass
outputs:
  - imports: {}
    program_scopes:
      "{\"name\":\"test\",\"network\":\"\\\"{\\\\\\\"name\\\\\\\":\\\\\\\"aleo\\\\\\\",\\\\\\\"span\\\\\\\":\\\\\\\"{\\\\\\\\\\\\\\\"lo\\\\\\\\\\\\\\\":15,\\\\\\\\\\\\\\\"hi\\\\\\\\\\\\\\\":19}\\\\\\\"}\\\"\"}":
        program_id: "{\"name\":\"test\",\"network\":\"\\\"{\\\\\\\"name\\\\\\\":\\\\\\\"aleo\\\\\\\",\\\\\\\"span\\\\\\\":\\\\\\\"{\\\\\\\\\\\\\\\"lo\\\\\\\\\\\\\\\":15,\\\\\\\\\\\\\\\"hi\\\\\\\\\\\\\\\":19}\\\\\\\"}\\\"\"}"
        structs: {}
        mappings: {}
        functions:
          test:
            annotations:
              - identifier: "{\"name\":\"test\",\"span\":\"{\\\"lo\\\":111,\\\"hi\\\":115}\"}"
                span:
                  lo: 110
                  hi: 115
            call_type: Standard
            identifier: "{\"name\":\"test\",\"span\":\"{\\\"lo\\\":134,\\\"hi\\\":138}\"}"
            input: []
            output:
              - Internal:
                  mode: None
                  type_:
                    Integer: U8
                  span:
                    lo: 144
                    hi: 146
            output_type:
              Integer: U8
            block:
              statements: []
              span:
                lo: 147
                hi: 149
            finalize: ~
            span:
              lo: 125
              hi: 149
        span:
          lo: 2
          hi: 151
