---
namespace: Compile
expectation: Pass
outputs:
  - output:
      - initial_input_ast: no input
    initial_ast: 2415c175c9fe999bf8d5b380e50b55e80cf468997c80d0d97fb4a1ebf9a57ae8
    unrolled_ast: 2415c175c9fe999bf8d5b380e50b55e80cf468997c80d0d97fb4a1ebf9a57ae8
    ssa_ast: 8c1bbbfba871dbcfd7618a6a091a379eea5ad25fae2f3589507301a00c8e14a8
    flattened_ast: 7068c66117fdfc9f953c1f33f62e678769a1d764cb41ea4cfc1f17712a5c89ac
