---
namespace: Compile
expectation: Pass
outputs:
  - output:
      - initial_input_ast: no input
    initial_ast: 6b94ad7099fe8f5d16e06347155437428d32cbff69bfbaa61ac81eaba7bb317b
    unrolled_ast: 6b94ad7099fe8f5d16e06347155437428d32cbff69bfbaa61ac81eaba7bb317b
    ssa_ast: 3fddfdc7b221cd3c3330860fde0f9f00f401cce764db209681cb827a089b8bfe
    flattened_ast: b1fd4cdefbe1b6a390c5720b39f3e363da34cd5be093379894e05db0e685e221
