---
namespace: Compile
expectation: Pass
outputs:
  - output:
      - initial_input_ast: 3f4cd98348f5c4f57434e71a2f5d5d5494b6ce02965496442a46c6f9e692124d
      - initial_input_ast: 544b0ddf7ea5027260f5983656a2f92fd0a16bec25ee0ba09fbf738d06abf8a2
    initial_ast: 07f4526fb4a91c2d0bb58c3d72e9fe316663ad8502d9bc2df24c5a7cfbc4e696
    unrolled_ast: 07f4526fb4a91c2d0bb58c3d72e9fe316663ad8502d9bc2df24c5a7cfbc4e696
    ssa_ast: 4941b98b931459e2dcd91d0caa8acb7755cbd061c452ce02c6908e65eca9baab
    flattened_ast: 086559ac95f73a366a44b1a91a23891a441f9a0c1ab4a75f015428b6f8e3b312
