---
namespace: Compile
expectation: Pass
outputs:
  - output:
      - initial_input_ast: 28ad696a5fec9df3cef03e907efc35c5f9d81f43c13fe0fc5680f665d80eb4df
    initial_ast: 9c7636d38015ea24685c1573d9a3ecb1a476bde7458f1847516280757df694c1
    unrolled_ast: 9c7636d38015ea24685c1573d9a3ecb1a476bde7458f1847516280757df694c1
    ssa_ast: 5a3825576d4b8b1c5a5d79bfe76766e17685a134c73aa88fe58331fb010dd142
    flattened_ast: 66ba6984eab643ebe6ae07082ba1bc5002a4f9a9ff12a1ae9600733d46c5576b
