---
namespace: Compile
expectation: Pass
outputs:
  - output:
      - initial_input_ast: 0248d333369d52952cd1c845be76572d0b25e1dfcbf347ef729c5426f860be58
    initial_ast: effbd5159ccc6d6dbc35c7de00473f1001a09913c15c648bf0931d05416c1150
    unrolled_ast: effbd5159ccc6d6dbc35c7de00473f1001a09913c15c648bf0931d05416c1150
    ssa_ast: 20f005a7c8991c63bb5a63c84a0365b20892a58a1b07e4d8accb5a5426808326
    flattened_ast: ea41b0ba9a32d731182e424d6878db22e41c638993403c92d836453cf15208cc
