---
namespace: Compile
expectation: Pass
outputs:
  - output:
      - initial_input_ast: a30505e4422e13fcbf395f44b70bfd5fbe3a59c5328814405df5cfeaab639d55
    initial_ast: 88ea51c2bf3abfa3c8810b8208c6e8428217a02543c584f890df6c1321ae2ec8
    unrolled_ast: 88ea51c2bf3abfa3c8810b8208c6e8428217a02543c584f890df6c1321ae2ec8
    ssa_ast: a4cd65095b0188f08dca7a5bee3c77cea0c038009e52bddac6a634641c447d54
    flattened_ast: 50f2528808517ccb6f238e23c83f75666c391958386a86daac4929b5b1155602
