---
namespace: Compile
expectation: Pass
outputs:
  - output:
      - initial_input_ast: 81e7b4b48e21c631f656aa65b6d19ebb7d784b43229356b918f908a046734261
    initial_ast: 8916dd47b049835d250b12ccdcb00ab91fe7c0272671098871b5e8c926f93312
    unrolled_ast: 8916dd47b049835d250b12ccdcb00ab91fe7c0272671098871b5e8c926f93312
    ssa_ast: 0b7a62110d7d274f974a91b61c592f89edec6831b743008dfd038c464f4ec6d1
    flattened_ast: 7b1400a9873fab71406b4330e864bcd8aecaa70eee0e4d96601ae0baad00f8a9
