---
namespace: Compile
expectation: Pass
outputs:
  - output:
      - initial_input_ast: 1e9c68e82f6c0dc9eaa4babbc5cb9e46d79f8f0661607b48efd2e9870a636f33
    initial_ast: 095d15c58d65096d77a62ff54af5ab129002522930e0a8ca83dd0c6de4467bec
    unrolled_ast: 095d15c58d65096d77a62ff54af5ab129002522930e0a8ca83dd0c6de4467bec
    ssa_ast: 368a16973432fa980ce1b15d598fe6c27287055c3aefc05cf6b575cc2f4e7447
    flattened_ast: 0ffd6d24cffb39df46258a3a2a11c297fdf1ac650ba368378aa1906ededc7d8b
