---
namespace: Compile
expectation: Fail
outputs:
  - "Error [ETYC0372047]: Cannot call another function from a standard function.\n    --> compiler-test:7:16\n     |\n   7 |         return two(n);\n     |                ^^^^^^\nError [ETYC0372047]: Cannot call another function from a standard function.\n    --> compiler-test:11:16\n     |\n  11 |         return three(n) + four(n);\n     |                ^^^^^^^^\nError [ETYC0372047]: Cannot call another function from a standard function.\n    --> compiler-test:11:27\n     |\n  11 |         return three(n) + four(n);\n     |                           ^^^^^^^\nError [ETYC0372047]: Cannot call another function from a standard function.\n    --> compiler-test:15:16\n     |\n  15 |         return one(n);\n     |                ^^^^^^\nError [ETYC0372047]: Cannot call another function from a standard function.\n    --> compiler-test:19:16\n     |\n  19 |         return one(n);\n     |                ^^^^^^\nError [ETYC0372048]: Cannot call a local transition function from a transition function.\n    --> compiler-test:23:16\n     |\n  23 |         return six(n);\n     |                ^^^^^^\nError [ETYC0372048]: Cannot call a local transition function from a transition function.\n    --> compiler-test:27:16\n     |\n  27 |         return seven(n) + eight(n);\n     |                ^^^^^^^^\nError [ETYC0372048]: Cannot call a local transition function from a transition function.\n    --> compiler-test:27:27\n     |\n  27 |         return seven(n) + eight(n);\n     |                           ^^^^^^^^\nError [ETYC0372048]: Cannot call a local transition function from a transition function.\n    --> compiler-test:31:16\n     |\n  31 |         return five(n);\n     |                ^^^^^^^\nError [ETYC0372048]: Cannot call a local transition function from a transition function.\n    --> compiler-test:35:16\n     |\n  35 |         return five(n);\n     |                ^^^^^^^\nError [ETYC0372066]: Cyclic dependency between functions: `one` --> `two` --> `three` --> `one`\n"
