---
namespace: Compile
expectation: Pass
outputs:
  - output:
      - initial_input_ast: no input
    initial_ast: a21e39f581430c0a9a90d57dc00d6ba3baa09ec5a210d9c5021cd1b11072e91f
    unrolled_ast: a21e39f581430c0a9a90d57dc00d6ba3baa09ec5a210d9c5021cd1b11072e91f
    ssa_ast: 7b49247c500c5c179b892dd9fd7eff60104a1e04ffd00b9b53b5fbbc493b92af
    flattened_ast: 99341a91c75455d056b346f1a35ecb55af04b18ddaecbbe4ec154d4d3512b0f0
