---
namespace: Parse
expectation: Pass
outputs:
  - imports: {}
    program_scopes:
      "{\"name\":\"test\",\"network\":\"\\\"{\\\\\\\"name\\\\\\\":\\\\\\\"aleo\\\\\\\",\\\\\\\"span\\\\\\\":\\\\\\\"{\\\\\\\\\\\\\\\"lo\\\\\\\\\\\\\\\":15,\\\\\\\\\\\\\\\"hi\\\\\\\\\\\\\\\":19}\\\\\\\"}\\\"\"}":
        program_id: "{\"name\":\"test\",\"network\":\"\\\"{\\\\\\\"name\\\\\\\":\\\\\\\"aleo\\\\\\\",\\\\\\\"span\\\\\\\":\\\\\\\"{\\\\\\\\\\\\\\\"lo\\\\\\\\\\\\\\\":15,\\\\\\\\\\\\\\\"hi\\\\\\\\\\\\\\\":19}\\\\\\\"}\\\"\"}"
        structs: {}
        mappings:
          foo:
            identifier: "{\"name\":\"foo\",\"span\":\"{\\\"lo\\\":72,\\\"hi\\\":75}\"}"
            key_type:
              Integer: U8
            value_type:
              Integer: U8
            span:
              lo: 64
              hi: 86
        functions: {}
        span:
          lo: 2
          hi: 88
