---
namespace: Compile
expectation: Pass
outputs:
  - output:
      - initial_input_ast: no input
    initial_ast: cac9f749af7eb2ac5acefa19d653705e28085406b4bd89c9c047fdca98b7681e
    unrolled_ast: cac9f749af7eb2ac5acefa19d653705e28085406b4bd89c9c047fdca98b7681e
    ssa_ast: b60f4c39976269cff9b12e5e477945ab79b37be03e5313fb9b6f47102b46b4eb
    flattened_ast: 4f99c8fb8e7f17667f1093f79b20d28597cc5df24d81408e4177ff49674da46b
