---
namespace: Compile
expectation: Pass
outputs:
  - output:
      - initial_input_ast: 4fdda35493f7a160d5f65ba04f0f5d23f54679aa2732477e6bcb47ade0203fab
    initial_ast: 655033e68000f0abae9dfde77abbbd9484ff0c95bc6c8230c8a8d335e8a6882c
    unrolled_ast: 655033e68000f0abae9dfde77abbbd9484ff0c95bc6c8230c8a8d335e8a6882c
    ssa_ast: 8fdbe08df76b8185f6defa52503668a41409cd6636b63029880c1bfd3dd94586
    flattened_ast: c06ea99c57dbe8e033e06582c7d64ce254bb0f79ac954fbc3684a6ee5a958cee
