---
namespace: Compile
expectation: Pass
outputs:
  - output:
      - initial_input_ast: 9a29dbbfa44f9ad968a66dfc44e33becc1f7a913595116a8883b0c2c31d2e7a3
    initial_ast: 5ded4174b536a02944bc27a36fc9c6f2a4a51558da05eb6574efcb5da88ef6c7
    unrolled_ast: 5ded4174b536a02944bc27a36fc9c6f2a4a51558da05eb6574efcb5da88ef6c7
    ssa_ast: 5e6aa992e4bc756d9651507f9a1ee732cc824c2c7013708a10c284f38e26654d
    flattened_ast: 0495861b8de56ee0e490bafacac0ceff52c442bdbc0821b824a775df0efff141
