---
namespace: Compile
expectation: Pass
outputs:
  - output:
      - initial_input_ast: 70e1a015f3f44c83465751a490dd1eb3922895185c2674362defceabd0e39477
    initial_ast: dce7e36daed4b4f7bc9fec2930808cf5e6e09dcfc7e5efa19485cb679b2ebf55
    unrolled_ast: dce7e36daed4b4f7bc9fec2930808cf5e6e09dcfc7e5efa19485cb679b2ebf55
    ssa_ast: b0c280050c730d4dc74745727882eb0f7b1b0f70cfd0895b553d003bc5906eca
    flattened_ast: c7aa06a57eaa5be0424c58d7dc1da3bc28a302ca9f568a93355b2b7cd90258cd
