---
namespace: Compile
expectation: Pass
outputs:
  - output:
      - initial_input_ast: e799fd25710c22846e37ddb359627593b7eaa213c448c79c9d14b407a2324d9f
    initial_ast: c9bd8f821125ef87cf4b8beac01a44186400d4137c6476a43f7df56512bc5552
    unrolled_ast: c9bd8f821125ef87cf4b8beac01a44186400d4137c6476a43f7df56512bc5552
    ssa_ast: 6cf002c2ecc587a11d7a52d40418046b26bdd75fad7db0e3ad8fb4175f7333e5
    flattened_ast: 29d02569ae9bcfe64186f385b5c763ceb30b8a3b268e50c677c6cac6d6f758b6
