---
namespace: Compile
expectation: Pass
outputs:
  - output:
      - initial_input_ast: 60992470b4ae0d71e2ccda998922421fadb70207a80e0f986b88895c3c98a384
    initial_ast: 97c979e1594fe0588f8b0adf1f699d4d994a87184b695b32f84444b4d3b4b9ff
    unrolled_ast: 97c979e1594fe0588f8b0adf1f699d4d994a87184b695b32f84444b4d3b4b9ff
    ssa_ast: f90b714069ebe259ecbe411a3dc1d80af4163c26ba4f71394db54d92f1d219f9
    flattened_ast: 9093930d341b32102ba3a50597f19cb6fcbf3de8033186dfbb9c295aa85be6ce
