---
namespace: Compile
expectation: Pass
outputs:
  - output:
      - initial_input_ast: 166e499799a8855a06ff7c0e710afcc68bab232c43bc9a393d8044027ad6d8e8
    initial_ast: 29662cd95c110aa32f0663ec5068df3c086400b3c1fdf92dda0f1d896ef19840
    unrolled_ast: 29662cd95c110aa32f0663ec5068df3c086400b3c1fdf92dda0f1d896ef19840
    ssa_ast: b6acf0e315e35aea463a753a95e946345cfbb4a53c150da94d64994704504438
    flattened_ast: cbc20b98cabc91a2d9e7739b28bde40000830910d2646b4f58099b2b9967318b
