---
namespace: Compile
expectation: Pass
outputs:
  - output:
      - initial_input_ast: 6761c324913a1c1006bb79ff2239c8e08d5e1cb0a7933afd698028e3b7c8ebb8
      - initial_input_ast: cc69fcf2fb526456a3dad09590bdbbaf348269fe1c466e4a7e4245d9b28abf2b
    initial_ast: 47e8473412a8ec8337d0f871f7fdf553e4c7d0e320250c568474e92fd9aef7cf
    unrolled_ast: 47e8473412a8ec8337d0f871f7fdf553e4c7d0e320250c568474e92fd9aef7cf
    ssa_ast: b7a105990a4a18046e0d38ffd2ce581f36827a3aa130ec0da321cf0e876a2187
    flattened_ast: 2c1b6dd37fb84ea0b7f685c2b0369a3f66b0ec7cba5395935936d32259903edd
