---
namespace: Compile
expectation: Pass
outputs:
  - output:
      - initial_input_ast: no input
    initial_ast: 1b41d6d2fb9b33c3bc4b4581787bbf37cf6384199dcc6f12f237e5b6b754a884
    unrolled_ast: 1b41d6d2fb9b33c3bc4b4581787bbf37cf6384199dcc6f12f237e5b6b754a884
    ssa_ast: 5d6113e46827fae058c04550b916810c8f5bfd1964c042c915c04399741fab2d
    flattened_ast: 35d97bdab97d229a5d1df8253c094a3b4e9b12d1ea641ff6d14f1cfb2b620a2e
