---
namespace: Compile
expectation: Pass
outputs:
  - output:
      - initial_input_ast: 9c3e3d08240eff67d8ec39d250ed59b8a506de6facc94ae31ba778115eb906ff
    initial_ast: 73406285ee1ba91663b29aa6c5d35228a9309cb15185000626a499b37f2934c3
    unrolled_ast: 73406285ee1ba91663b29aa6c5d35228a9309cb15185000626a499b37f2934c3
    ssa_ast: 042f52bd3202567925354734ede0dd99598571ec079436e4dff7afc6539d6feb
    flattened_ast: ea9437fecb1eb7879b82ad7baf4e621408d19398e3f35e56c053d184e5e03e43
