---
namespace: Compile
expectation: Pass
outputs:
  - output:
      - initial_input_ast: 1814e3d2e4deb3985ee5576252dc14e586b17bf2c1fdaf0a7a0cf4e99187dfdb
      - initial_input_ast: cc6020cf59fc91307527c266539ecbd6b769224a71a2ecf5dec0e9f570b637d5
    initial_ast: e5aab6f122856f40f8d4fcaa2dd50c6543a37f6bfba56de42bfa0082ca389fa8
    unrolled_ast: e5aab6f122856f40f8d4fcaa2dd50c6543a37f6bfba56de42bfa0082ca389fa8
    ssa_ast: 4a0250cf13610d5cc2abe9f2cb84ba8e1d0c36607b072904569c9a1a451d3a81
    flattened_ast: b40c5db3cfe14b2f8b6ea1a082361c67086bb9b00a5356f9b1c2b4ea53f674be
