---
namespace: Compile
expectation: Pass
outputs:
  - output:
      - initial_input_ast: 2f2610ab98832bd047ce9b5ec2bd937263ffe46f74e5398e5eb721f48c8e84db
    initial_ast: 7a97534f4bbb52508c8e37745ae18da9fc162eece84857e175af35d7ebb5c253
    unrolled_ast: 7a97534f4bbb52508c8e37745ae18da9fc162eece84857e175af35d7ebb5c253
    ssa_ast: 8e4fdb6fa80bb1580a32a6251348d35eecf264ec415db67e78806490b4d7f06f
    flattened_ast: 3bf7d5edbc4f55290158d5c0428a651a5ebc0c540040e4f72766807868b25dd7
