---
namespace: Compile
expectation: Pass
outputs:
  - output:
      - initial_input_ast: 3a6ffaf628f11df90b22b3d9aa964741d4c2f025a1139557fdf354381fad6cdd
    initial_ast: 26f3d8bcd88a5cf7a551ab936afbb0c68e7eb4377d6e69e1c3c92e1745d14733
    unrolled_ast: 26f3d8bcd88a5cf7a551ab936afbb0c68e7eb4377d6e69e1c3c92e1745d14733
    ssa_ast: 2adebc919a80020ad060d979f27bea044d355ea35ba3ae64ea7ccc9e10b60d55
    flattened_ast: 8867feaf2c1710fa99432dd558b496cb8de3921aeef19554fb18a01c4f3d90a7
